 
****************************************
Report : area
Design : spi_combine
Version: K-2015.06
Date   : Wed Dec 27 15:32:35 2023
****************************************

Library(s) Used:

    scc018v3ebcd_uhd50_rvt_ss_v4p5_125c_basic (File: /home/IC/SPI_CHIP/scc018v3ebcd_uhd50_rvt_ss_v4p5_125c_basic.db)

Number of ports:                          221
Number of nets:                           910
Number of cells:                          728
Number of combinational cells:            536
Number of sequential cells:               183
Number of macros/black boxes:               0
Number of buf/inv:                         92
Number of references:                      16

Combinational area:               6985.036879
Buf/Inv area:                      598.348801
Noncombinational area:            8788.147076
Macro/Black Box area:                0.000000
Net Interconnect area:      undefined  (No wire load specified)

Total cell area:                 15773.183954
Total area:                 undefined

Hierarchical area distribution
------------------------------

                                  Global cell area           Local cell area
                                  -------------------  ---------------------------- 
Hierarchical cell                 Absolute    Percent  Combi-     Noncombi-  Black-
                                  Total       Total    national   national   boxes   Design
--------------------------------  ----------  -------  ---------  ---------  ------  -------------------------
spi_combine                       15773.1840    100.0   238.6944   499.9680  0.0000  spi_combine
miso_inout_port                      51.6096      0.3     6.4512    45.1584  0.0000  inout_port_1
mosi_inout_port                      51.6096      0.3     6.4512    45.1584  0.0000  inout_port_2
sck_inout_port                       51.6096      0.3     6.4512    45.1584  0.0000  inout_port_0
spi_MasterMode_u                  12271.7952     77.8  2627.2512  2591.7695  0.0000  spi_MasterMode
spi_MasterMode_u/read_fifo         3299.7888     20.9  1338.6240  1961.1648  0.0000  spi_fifo_DATAWIDTH8_1
spi_MasterMode_u/slave_selector     119.3472      0.8   119.3472     0.0000  0.0000  BitDistributor8
spi_MasterMode_u/sub_234            333.8496      2.1   333.8496     0.0000  0.0000  spi_MasterMode_DW01_dec_0
spi_MasterMode_u/write_fifo        3299.7888     20.9  1338.6240  1961.1648  0.0000  spi_fifo_DATAWIDTH8_0
spi_SlaveMode_u                    2607.8976     16.5   969.2928  1638.6048  0.0000  spi_SlaveMode
--------------------------------  ----------  -------  ---------  ---------  ------  -------------------------
Total                                                  6985.0369  8788.1471  0.0000

1
