 
****************************************
Report : area
Design : spi_combine
Version: K-2015.06
Date   : Wed Dec 27 15:36:29 2023
****************************************

Library(s) Used:

    scc018v3ebcd_uhd50_rvt_ff_v5p5_-40c_basic (File: /home/IC/SPI_CHIP/scc018v3ebcd_uhd50_rvt_ff_v5p5_-40c_basic.db)

Number of ports:                          221
Number of nets:                           913
Number of cells:                          731
Number of combinational cells:            539
Number of sequential cells:               183
Number of macros/black boxes:               0
Number of buf/inv:                         90
Number of references:                      16

Combinational area:               7060.838485
Buf/Inv area:                      580.608001
Noncombinational area:            8778.470272
Macro/Black Box area:                0.000000
Net Interconnect area:      undefined  (No wire load specified)

Total cell area:                 15839.308757
Total area:                 undefined

Hierarchical area distribution
------------------------------

                                  Global cell area           Local cell area
                                  -------------------  ---------------------------- 
Hierarchical cell                 Absolute    Percent  Combi-     Noncombi-  Black-
                                  Total       Total    national   national   boxes   Design
--------------------------------  ----------  -------  ---------  ---------  ------  -------------------------
spi_combine                       15839.3088    100.0   227.4048   503.1936  0.0000  spi_combine
miso_inout_port                      51.6096      0.3     6.4512    45.1584  0.0000  inout_port_1
mosi_inout_port                      51.6096      0.3     6.4512    45.1584  0.0000  inout_port_2
sck_inout_port                       51.6096      0.3     6.4512    45.1584  0.0000  inout_port_0
spi_MasterMode_u                  12344.3712     77.9  2699.8272  2591.7695  0.0000  spi_MasterMode
spi_MasterMode_u/read_fifo         3299.7888     20.8  1338.6240  1961.1648  0.0000  spi_fifo_DATAWIDTH8_1
spi_MasterMode_u/slave_selector     119.3472      0.8   119.3472     0.0000  0.0000  BitDistributor8
spi_MasterMode_u/sub_234            333.8496      2.1   333.8496     0.0000  0.0000  spi_MasterMode_DW01_dec_0
spi_MasterMode_u/write_fifo        3299.7888     20.8  1338.6240  1961.1648  0.0000  spi_fifo_DATAWIDTH8_0
spi_SlaveMode_u                    2609.5104     16.5   983.8080  1625.7024  0.0000  spi_SlaveMode
--------------------------------  ----------  -------  ---------  ---------  ------  -------------------------
Total                                                  7060.8385  8778.4703  0.0000

1
